// Jest Snapshot v1, https://goo.gl/fbAQLP

exports[`NotFound renders default 1`] = `
<div
  className="container MuiBox-root css-0"
>
  <div
    className="MuiPaper-root MuiPaper-elevation MuiPaper-rounded MuiPaper-elevation3 contents css-3su884-MuiPaper-root"
  >
    <div
      className="MuiTypography-root MuiTypography-h6 item css-2ulfj5-MuiTypography-root"
    >
      The requested resource was not found.
    </div>
  </div>
</div>
`;
